1000000000012
1000000000012
1000000000012
1000000000012
1000000000012
1000000000012
