1000000000008
1000000000008
1000000000008
1000000000008
1000000000008
1000000000008
1000000000008
1000000000008
1000000000008
1000000000008
1000000000008
1000000000008
1000000000008
1000000000008
1000000000008
1000000000008
1000000000008
1000000000008
1000000000008
1000000000008
1000000000008
1000000000008
1000000000008
1000000000008
1000000000008
1000000000008
1000000000008
1000000000008
1000000000008
1000000000008
1000000000008
1000000000008
1000000000008
1000000000008
1000000000008
1000000000008
1000000000008
1000000000008
1000000000008
1000000000008
1000000000008
1000000000008
