1000002000008
1000002000012
1000003000008
1000003000012
