1000000000000
1000000000000
1000000000004
1000000000016
1000000000004
1000000000004
1000000000012
1000000000012
1000000000012
1000000000004
1000000000004
1000000000004
1000000000004
1000000000004
1000000000004
1000000000008
1000000000008
1000000000008
1000000000008
1000001000004
1000000000012
1000000000012
1000000000012
1000000000008
1000000000008
1000000000004
1000000000004
1000000000004
1000000000004
1000000000004
1000000000004
1000000000004
1000000000004
1000000000004
1000000000004
1000000000004
1000000000008
1000000000004
1000000000008
1000000000008
1000000000008
1000000000012
1000000000004
1000000000004
1000000000016
1000000000004
1000000000008
1000000000012
1000000000016
1000000000016
1000000000012
1000000000016
1000000000016
1000000000008
1000000000056
