1000000000000
1000000000008
1000000000012
1000000000008
1000000000012
1000000000008
1000000000016
1000000000008
1000000000016
1000000000012
1000000000012
1000000000008
1000000000012
1000000000012
1000000000012
1000000000012
1000000000012
1000000000008
1000000000008
1000000000008
1000000000008
1000000000016
1000000000008
1000000000008
1000000000012
1000000000016
1000000000020
1000001000012
1000001000012
1000000000016
1000000000016
1000000000016
1000002000016
1000000000012
1000000000012
1000000000016
1000002000016
1000000000016
1000000000016
1000000000016
1000000000020
1000001000012
1000000000016
1000000000012
1000000000008
1000000000008
1000000000008
1000000000012
1000000000008
1000000000012
1000000000016
1000000000008
1000000000012
1000000000008
1000000000008
1000000000012
1000000000008
1000000000020
1000000000020
1000000000020
1000000000020
1000000000020
1000000000020
