1000000000004
1000000000004
1000000000004
1000002000024
1000000000012
