1000001000008
1000001000008
1000001000008
1000001000008
1000001000008
1000000000000
1000002000012
1000002000012
1000002000012
