1000000000032
1000000000032
1000002000024
1000002000024
1000001000024
1000000000024
1000001000040
1000000000072
