1000000000008
1000003000032
1000002000020
1000002000024
1000003000032
1000000000016
1000003000064
1000002000040
1000002000048
1000003000064
