1000001000024
1000001000024
1000001000024
1000001000024
1000001000048
1000001000048
1000001000048
1000001000048
