1000001000012
1000001000012
1000001000012
1000001000012
1000001000020
1000001000020
1000001000020
1000001000020
