1000002000012
1000002000012
1000002000024
1000002000024
