1000001000016
1000001000016
1000001000016
1000001000016
1000000000008
1000000000008
1000000000008
1000001000016
1000000000008
1000000000008
1000000000008
1000000000008
1000001000016
1000001000016
1000001000032
1000001000032
1000001000032
1000001000032
1000000000016
1000000000016
1000000000016
1000001000032
1000000000016
1000000000016
1000000000016
1000000000016
1000001000032
1000001000032
