1000000000008
1000000000008
1000000000012
1000000000012
1000000000012
