1000001000020
1000001000020
1000001000040
1000001000040
