1000000000004
1000000000004
1000000000008
1000000000008
1000000000004
1000000000008
1000000000008
1000000000004
1000000000004
1000000000004
1000000000004
1000001000020
1000001000020
1000000000012
1000002000016
1000000000012
1000000000012
1000000000012
1000000000016
1000000000016
1000000000016
1000000000016
1000000000004
1000000000004
1000000000004
1000000000004
1000000000004
1000000000008
1000000000008
1000000000008
1000000000008
1000000000004
1000000000008
1000000000008
1000000000004
1000000000008
1000000000008
1000000000004
