1000000000032
1000000000032
1000000000000
1000000000036
1000000000036
1000000000032
1000000000032
