1000002000016
1000002000016
1000002000016
1000002000016
1000002000016
1000000000008
1000000000004
1000000000008
