1000001000012
1000001000024
1000000000028
1000000000004
