1000000000000
1000000000036
1000000000036
1000001000072
1000001000072
1000001000044
1000000000036
