1000000000036
1000001000072
1000001000072
1000000000004
