1000000000012
1000000000012
1000000000016
1000000000016
1000000000020
1000000000016
1000000000020
1000000000016
1000000000012
1000000000016
1000000000020
1000000000016
1000000000020
1000000000016
1000000000020
1000000000020
1000000000016
1000000000012
1000000000020
1000000000016
1000000000020
1000000000016
1000000000020
1000000000020
1000000000004
1000000000012
1000000000016
1000000000012
1000000000008
1000000000012
1000000000020
1000000000024
1000000000020
1000000000016
1000000000020
1000000000028
1000000000020
1000000000028
1000000000024
1000000000008
1000000000012
1000000000012
1000000000012
1000000000012
1000000000008
1000000000016
1000000000012
1000000000016
1000000000012
