1000001000064
1000001000064
1000001000064
1000001000064
1000001000064
1000001000064
1000001000064
1000001000064
1000001000040
1000001000040
1000001000040
1000001000040
1000001000040
1000001000040
1000001000048
1000001000048
1000002000068
1000003000076
