1000000000048
1000000000048
1000000000048
1000000000048
1000000000032
1000000000032
1000000000032
1000000000032
1000000000016
1000000000016
1000000000016
1000000000016
