1000000000048
1000000000064
1000000000064
1000000000064
1000000000096
1000000000064
1000000000016
1000000000064
1000000000064
1000000000064
1000000000112
1000000000064
1000000000064
