1000000000016
1000000000020
1000000000016
1000000000016
1000000000016
1000002000064
1000000000048
1000000000016
1000000000016
1000000000016
1000000000016
1000000000020
1000000000016
1000000000016
1000000000016
1000002000064
1000000000048
1000000000052
1000000000052
1000000000016
1000000000016
1000000000016
