1000000000020
1000000000020
1000000000020
1000000000020
1000000000020
1000000000020
1000000000020
1000000000020
1000000000020
1000000000020
1000000000020
1000000000024
