1000000000032
1000000000032
1000000000032
1000000000032
1000000000032
1000000000032
1000000000040
1000000000040
1000000000040
1000000000040
1000000000040
1000000000040
1000001000032
1000001000032
1000001000032
1000001000032
1000001000032
1000001000032
1000001000052
1000001000052
1000001000052
1000001000052
1000001000052
1000001000052
1000001000052
1000001000052
1000001000052
1000001000052
1000001000052
1000001000052
1000001000052
1000001000052
1000001000052
1000001000052
1000001000052
1000001000052
1000000000032
1000000000032
1000000000032
1000001000064
1000001000064
1000001000064
1000001000064
1000001000064
1000001000064
1000001000064
1000001000064
1000001000064
1000002000096
1000002000096
1000002000096
1000000000032
1000000000032
1000000000032
1000001000064
1000001000064
1000001000064
1000001000064
1000001000064
1000001000064
1000001000064
1000001000064
1000001000064
1000002000096
1000002000096
1000002000096
