1000000000016
1000001000016
1000003000032
1000000000016
1000000000016
1000000000016
1000000000016
