1000002000080
1000002000080
1000002000080
1000002000080
1000002000080
1000001000064
1000001000064
1000001000064
1000001000064
1000002000080
1000002000080
1000002000080
1000002000080
1000002000080
1000001000064
1000001000064
1000001000064
1000001000064
1000002000080
1000002000080
1000002000080
1000002000080
1000002000080
1000001000064
1000001000064
1000001000064
1000001000064
1000002000080
1000002000080
1000002000080
1000002000080
1000002000080
1000001000064
1000001000064
1000001000064
1000001000064
1000002000080
1000002000080
1000002000080
1000002000080
1000002000080
1000001000064
1000001000064
1000001000064
1000001000064
1000000000032
1000000000032
1000000000032
1000000000032
