1000000000016
1000000000016
1000001000016
1000000000016
1000000000016
1000000000016
1000001000016
1000000000016
