1000000000032
1000000000032
1000000000032
1000000000032
1000000000032
1000000000032
1000003000076
1000003000076
1000003000076
1000003000088
1000003000112
1000003000112
1000001000040
1000001000040
1000001000040
1000001000048
1000001000064
1000001000064
