1000004000016
1000004000016
1000004000016
1000000000016
