1000001000064
1000001000064
1000001000064
1000001000064
1000001000064
1000001000064
