1000002000040
1000002000040
1000002000040
1000002000040
1000002000040
1000002000040
1000002000040
1000002000040
1000002000040
1000002000040
1000002000040
1000002000040
1000002000040
1000002000040
1000002000040
1000002000040
1000001000036
1000001000036
1000001000036
1000001000036
1000001000036
1000001000036
1000001000036
1000001000036
1000001000036
1000001000036
1000001000036
1000001000036
1000001000036
1000001000036
1000001000036
1000001000036
1000002000040
1000002000040
1000002000040
1000002000040
1000002000040
1000002000040
1000002000040
1000002000040
1000002000040
1000002000040
1000002000040
1000002000040
1000002000040
1000002000040
1000002000040
1000002000040
