1000000000032
1000000000032
1000000000032
1000000000032
1000000000032
1000000000032
1000000000064
1000000000064
1000000000064
1000000000064
1000000000064
1000000000064
1000000000064
