1000000000032
1000000000032
1000000000032
1000000000032
1000000000032
1000000000032
1000000000032
1000000000032
1000000000032
1000000000032
1000000000032
1000000000032
1000001000040
1000001000040
1000001000040
1000001000040
1000001000040
1000001000040
1000001000040
1000001000040
1000000000032
1000000000032
1000000000032
1000000000032
1000001000048
1000001000048
1000001000048
1000001000048
1000001000064
1000001000064
1000001000064
1000001000064
1000001000064
1000001000064
1000001000064
1000001000064
