1000001000040
1000001000040
1000000000036
1000000000036
1000001000040
1000001000040
1000001000040
1000001000040
1000001000040
1000001000040
1000001000040
1000001000040
