1000001000020
1000001000020
1000001000020
1000001000020
1000001000020
1000001000020
1000001000020
1000001000020
1000001000020
1000001000020
1000001000020
1000001000020
1000000000020
1000000000020
1000000000020
1000000000020
1000000000020
1000000000020
1000000000020
1000000000020
1000000000020
1000000000020
1000000000020
1000000000020
