1000000000048
1000000000048
1000000000048
1000000000048
1000000000048
1000000000048
1000000000048
1000000000048
1000000000048
1000000000048
1000000000048
1000000000048
1000000000020
1000000000020
1000000000020
1000000000020
1000000000020
1000000000020
1000000000020
1000000000020
1000000000020
1000000000020
1000000000020
1000000000020
